<?xml version="1.0" encoding="utf-8"?>
<TestRun id="f93c081e-00d0-4356-8621-617493e7bd00" name="mark9@MARK-HP-LAPTOP 2025-12-19 06:26:49" runUser="MARK-HP-LAPTOP\mark9" xmlns="http://microsoft.com/schemas/VisualStudio/TeamTest/2010">
  <Times creation="2025-12-19T06:26:49.4484775-05:00" queuing="2025-12-19T06:26:49.4484775-05:00" start="2025-12-19T06:26:45.8406768-05:00" finish="2025-12-19T06:26:49.6964614-05:00" />
  <TestSettings name="default" id="947c9c81-51be-4b68-8207-1e20c83e250f">
    <Deployment runDeploymentRoot="mark9_MARK-HP-LAPTOP_2025-12-19_06_26_49" />
  </TestSettings>
  <Results>
    <UnitTestResult executionId="4bc265b6-6537-4332-a207-74a9c73363bb" testId="52f4d040-efc1-3b57-8c18-b759b14bc2a2" testName="GetCustomer(31)" computerName="MARK-HP-LAPTOP" duration="00:00:00.1657460" startTime="2025-12-19T06:26:49.4647127-05:00" endTime="2025-12-19T06:26:49.6304575-05:00" testType="13cdc9d9-ddb5-4fa4-a97d-d965ccfc6d4b" outcome="Passed" testListId="8c84fa94-04c1-424b-9868-57a2d4851a1d" relativeResultsDirectory="4bc265b6-6537-4332-a207-74a9c73363bb">
      <Output>
        <StdOut>Customer Id: 31, Name: Alice Johnson</StdOut>
      </Output>
    </UnitTestResult>
    <UnitTestResult executionId="351d1dac-5fd1-43fd-b47f-9e76db55c60f" testId="18b03c16-7c53-e5d1-af88-40e19e4f36be" testName="GetBooking(1)" computerName="MARK-HP-LAPTOP" duration="00:00:03.2041960" startTime="2025-12-19T06:26:46.2254312-05:00" endTime="2025-12-19T06:26:49.4296013-05:00" testType="13cdc9d9-ddb5-4fa4-a97d-d965ccfc6d4b" outcome="Passed" testListId="8c84fa94-04c1-424b-9868-57a2d4851a1d" relativeResultsDirectory="351d1dac-5fd1-43fd-b47f-9e76db55c60f">
      <Output>
        <StdOut>Booking Id: 1, CustomerId: 41, Room: 777</StdOut>
      </Output>
    </UnitTestResult>
    <UnitTestResult executionId="07eeff4f-7864-4923-9d5e-eb4140297f08" testId="f4ad44f8-c0e7-f21e-71eb-daf9e248a15e" testName="GetBooking(5)" computerName="MARK-HP-LAPTOP" duration="00:00:00.0335890" startTime="2025-12-19T06:26:49.4302441-05:00" endTime="2025-12-19T06:26:49.4638328-05:00" testType="13cdc9d9-ddb5-4fa4-a97d-d965ccfc6d4b" outcome="Passed" testListId="8c84fa94-04c1-424b-9868-57a2d4851a1d" relativeResultsDirectory="07eeff4f-7864-4923-9d5e-eb4140297f08">
      <Output>
        <StdOut>Booking Id: 5, CustomerId: 37, Room: 404</StdOut>
      </Output>
    </UnitTestResult>
    <UnitTestResult executionId="d54344fe-5d8b-479c-92b4-4aa1187adc93" testId="97ab7402-43b7-2eac-27d4-01ae0304b1e7" testName="GetCustomer(41)" computerName="MARK-HP-LAPTOP" duration="00:00:00.0060549" startTime="2025-12-19T06:26:49.6304867-05:00" endTime="2025-12-19T06:26:49.6365414-05:00" testType="13cdc9d9-ddb5-4fa4-a97d-d965ccfc6d4b" outcome="Passed" testListId="8c84fa94-04c1-424b-9868-57a2d4851a1d" relativeResultsDirectory="d54344fe-5d8b-479c-92b4-4aa1187adc93">
      <Output>
        <StdOut>Customer Id: 41, Name: Ralph Norman</StdOut>
      </Output>
    </UnitTestResult>
    <UnitTestResult executionId="630092c8-b27c-4f37-831e-c3974897b17a" testId="a76126fa-4279-4178-30ec-c5a99b4c3b3c" testName="Test1" computerName="MARK-HP-LAPTOP" duration="00:00:00.0274200" startTime="2025-12-19T06:26:49.6376325-05:00" endTime="2025-12-19T06:26:49.6650520-05:00" testType="13cdc9d9-ddb5-4fa4-a97d-d965ccfc6d4b" outcome="Passed" testListId="8c84fa94-04c1-424b-9868-57a2d4851a1d" relativeResultsDirectory="630092c8-b27c-4f37-831e-c3974897b17a" />
  </Results>
  <TestDefinitions>
    <UnitTest name="GetCustomer(31)" storage="c:\users\mark9\source\repos\hotelbookingtest\bin\debug\net8.0\hotelbookingtest.dll" id="52f4d040-efc1-3b57-8c18-b759b14bc2a2">
      <Execution id="4bc265b6-6537-4332-a207-74a9c73363bb" />
      <TestMethod codeBase="C:\Users\mark9\source\repos\HotelBookingTest\bin\Debug\net8.0\HotelBookingTest.dll" adapterTypeName="executor://nunit3testexecutor/" className="HotelBookingTest.HotelBookingTest" name="GetCustomer(31)" />
    </UnitTest>
    <UnitTest name="GetBooking(1)" storage="c:\users\mark9\source\repos\hotelbookingtest\bin\debug\net8.0\hotelbookingtest.dll" id="18b03c16-7c53-e5d1-af88-40e19e4f36be">
      <Execution id="351d1dac-5fd1-43fd-b47f-9e76db55c60f" />
      <TestMethod codeBase="C:\Users\mark9\source\repos\HotelBookingTest\bin\Debug\net8.0\HotelBookingTest.dll" adapterTypeName="executor://nunit3testexecutor/" className="HotelBookingTest.HotelBookingTest" name="GetBooking(1)" />
    </UnitTest>
    <UnitTest name="GetCustomer(41)" storage="c:\users\mark9\source\repos\hotelbookingtest\bin\debug\net8.0\hotelbookingtest.dll" id="97ab7402-43b7-2eac-27d4-01ae0304b1e7">
      <Execution id="d54344fe-5d8b-479c-92b4-4aa1187adc93" />
      <TestMethod codeBase="C:\Users\mark9\source\repos\HotelBookingTest\bin\Debug\net8.0\HotelBookingTest.dll" adapterTypeName="executor://nunit3testexecutor/" className="HotelBookingTest.HotelBookingTest" name="GetCustomer(41)" />
    </UnitTest>
    <UnitTest name="GetBooking(5)" storage="c:\users\mark9\source\repos\hotelbookingtest\bin\debug\net8.0\hotelbookingtest.dll" id="f4ad44f8-c0e7-f21e-71eb-daf9e248a15e">
      <Execution id="07eeff4f-7864-4923-9d5e-eb4140297f08" />
      <TestMethod codeBase="C:\Users\mark9\source\repos\HotelBookingTest\bin\Debug\net8.0\HotelBookingTest.dll" adapterTypeName="executor://nunit3testexecutor/" className="HotelBookingTest.HotelBookingTest" name="GetBooking(5)" />
    </UnitTest>
    <UnitTest name="Test1" storage="c:\users\mark9\source\repos\hotelbookingtest\bin\debug\net8.0\hotelbookingtest.dll" id="a76126fa-4279-4178-30ec-c5a99b4c3b3c">
      <Execution id="630092c8-b27c-4f37-831e-c3974897b17a" />
      <TestMethod codeBase="C:\Users\mark9\source\repos\HotelBookingTest\bin\Debug\net8.0\HotelBookingTest.dll" adapterTypeName="executor://nunit3testexecutor/" className="HotelBookingTest.Tests" name="Test1" />
    </UnitTest>
  </TestDefinitions>
  <TestEntries>
    <TestEntry testId="52f4d040-efc1-3b57-8c18-b759b14bc2a2" executionId="4bc265b6-6537-4332-a207-74a9c73363bb" testListId="8c84fa94-04c1-424b-9868-57a2d4851a1d" />
    <TestEntry testId="18b03c16-7c53-e5d1-af88-40e19e4f36be" executionId="351d1dac-5fd1-43fd-b47f-9e76db55c60f" testListId="8c84fa94-04c1-424b-9868-57a2d4851a1d" />
    <TestEntry testId="f4ad44f8-c0e7-f21e-71eb-daf9e248a15e" executionId="07eeff4f-7864-4923-9d5e-eb4140297f08" testListId="8c84fa94-04c1-424b-9868-57a2d4851a1d" />
    <TestEntry testId="97ab7402-43b7-2eac-27d4-01ae0304b1e7" executionId="d54344fe-5d8b-479c-92b4-4aa1187adc93" testListId="8c84fa94-04c1-424b-9868-57a2d4851a1d" />
    <TestEntry testId="a76126fa-4279-4178-30ec-c5a99b4c3b3c" executionId="630092c8-b27c-4f37-831e-c3974897b17a" testListId="8c84fa94-04c1-424b-9868-57a2d4851a1d" />
  </TestEntries>
  <TestLists>
    <TestList name="Results Not in a List" id="8c84fa94-04c1-424b-9868-57a2d4851a1d" />
    <TestList name="All Loaded Results" id="19431567-8539-422a-85d7-44ee4e166bda" />
  </TestLists>
  <ResultSummary outcome="Completed">
    <Counters total="5" executed="5" passed="5" failed="0" error="0" timeout="0" aborted="0" inconclusive="0" passedButRunAborted="0" notRunnable="0" notExecuted="0" disconnected="0" warning="0" completed="0" inProgress="0" pending="0" />
    <Output>
      <StdOut>NUnit Adapter 6.0.0.0: Test execution started&#xD;
Running selected tests in C:\Users\mark9\source\repos\HotelBookingTest\bin\Debug\net8.0\HotelBookingTest.dll&#xD;
   NUnit3TestExecutor discovered 5 of 5 NUnit test cases using Current Discovery mode, Non-Explicit run&#xD;
Booking Id: 1, CustomerId: 41, Room: 777&#xD;
&#xD;
Booking Id: 5, CustomerId: 37, Room: 404&#xD;
&#xD;
Customer Id: 31, Name: Alice Johnson&#xD;
&#xD;
Customer Id: 41, Name: Ralph Norman&#xD;
&#xD;
NUnit Adapter 6.0.0.0: Test execution complete&#xD;
</StdOut>
    </Output>
  </ResultSummary>
</TestRun>